2026-06-28 22:35:43 +0000 - dagster - DEBUG - __ASSET_JOB - 68511a1f-2c91-4c25-8b86-eab2edface5e - 5487 - LOGS_CAPTURED - Capturing logs for process (pid: 5487).
2026-06-28 22:35:43 +0000 - dagster - DEBUG - __ASSET_JOB - 68511a1f-2c91-4c25-8b86-eab2edface5e - 5487 - dlt_pipeline - STEP_START - Started execution of step "dlt_pipeline".
2026-06-28 22:36:28 +0000 - dagster - ERROR - __ASSET_JOB - 68511a1f-2c91-4c25-8b86-eab2edface5e - 5487 - dlt_pipeline - STEP_FAILURE - Execution of step "dlt_pipeline" failed.

dagster._core.errors.DagsterExecutionStepExecutionError: Error occurred while executing op "dlt_pipeline"::

dlt.pipeline.exceptions.PipelineStepFailed: Pipeline execution failed at `step=extract` when processing package with `load_id=1782686151.5573838` with exception:

<class 'dlt.extract.exceptions.ResourceExtractionError'>
In processing pipe `measurements`: extraction of resource `measurements` in `generator` `measurements` caused an exception: HTTPSConnectionPool(host='api.openaq.org', port=443): Read timed out. (read timeout=30)

Stack Trace:
  File "/usr/local/lib/python3.12/site-packages/dagster/_core/execution/plan/utils.py", line 57, in op_execution_error_boundary
    yield
  File "/usr/local/lib/python3.12/site-packages/dagster/_utils/__init__.py", line 394, in iterate_with_context
    next_output = next(iterator)
                  ^^^^^^^^^^^^^^
  File "/usr/local/lib/python3.12/site-packages/dagster/_core/execution/plan/compute_generator.py", line 136, in _coerce_op_compute_fn_to_iterator
    result = invoke_compute_fn(
             ^^^^^^^^^^^^^^^^^^
  File "/usr/local/lib/python3.12/site-packages/dagster/_core/execution/plan/compute_generator.py", line 116, in invoke_compute_fn
    return fn(context, **args_to_pass) if context_arg_provided else fn(**args_to_pass)
                                                                    ^^^^^^^^^^^^^^^^^^
  File "/app/mydagster/assets.py", line 7, in dlt_pipeline
    run_pipeline()
  File "/app/mydagster/pipelines/pipeline.py", line 12, in run_pipeline
    load_info = pipeline.run(openaq_source())
                ^^^^^^^^^^^^^^^^^^^^^^^^^^^^^
  File "/usr/local/lib/python3.12/site-packages/dlt/pipeline/pipeline.py", line 231, in _wrap
    step_info = f(self, *args, **kwargs)
                ^^^^^^^^^^^^^^^^^^^^^^^^
  File "/usr/local/lib/python3.12/site-packages/dlt/pipeline/pipeline.py", line 279, in _wrap
    return f(self, *args, **kwargs)
           ^^^^^^^^^^^^^^^^^^^^^^^^
  File "/usr/local/lib/python3.12/site-packages/dlt/pipeline/pipeline.py", line 777, in run
    self.extract(
  File "/usr/local/lib/python3.12/site-packages/dlt/pipeline/pipeline.py", line 231, in _wrap
    step_info = f(self, *args, **kwargs)
                ^^^^^^^^^^^^^^^^^^^^^^^^
  File "/usr/local/lib/python3.12/site-packages/dlt/pipeline/pipeline.py", line 170, in _wrap
    return f(self, *args, **kwargs)
           ^^^^^^^^^^^^^^^^^^^^^^^^
  File "/usr/local/lib/python3.12/site-packages/dlt/pipeline/pipeline.py", line 184, in _wrap
    rv = f(self, *args, **kwargs)
         ^^^^^^^^^^^^^^^^^^^^^^^^
  File "/usr/local/lib/python3.12/site-packages/dlt/pipeline/pipeline.py", line 279, in _wrap
    return f(self, *args, **kwargs)
           ^^^^^^^^^^^^^^^^^^^^^^^^
  File "/usr/local/lib/python3.12/site-packages/dlt/pipeline/pipeline.py", line 523, in extract
    raise PipelineStepFailed(

The above exception was caused by the following exception:
dlt.extract.exceptions.ResourceExtractionError: In processing pipe `measurements`: extraction of resource `measurements` in `generator` `measurements` caused an exception: HTTPSConnectionPool(host='api.openaq.org', port=443): Read timed out. (read timeout=30)

Stack Trace:
  File "/usr/local/lib/python3.12/site-packages/dlt/pipeline/pipeline.py", line 500, in extract
    self._extract_source(
  File "/usr/local/lib/python3.12/site-packages/dlt/pipeline/pipeline.py", line 1437, in _extract_source
    load_id = extract.extract(
              ^^^^^^^^^^^^^^^^
  File "/usr/local/lib/python3.12/site-packages/dlt/extract/extract.py", line 592, in extract
    self._extract_single_source(
  File "/usr/local/lib/python3.12/site-packages/dlt/extract/extract.py", line 509, in _extract_single_source
    for pipe_item in pipes:
                     ^^^^^
  File "/usr/local/lib/python3.12/site-packages/dlt/extract/pipe_iterator.py", line 158, in __next__
    pipe_item = self._get_source_item()
                ^^^^^^^^^^^^^^^^^^^^^^^
  File "/usr/local/lib/python3.12/site-packages/dlt/extract/pipe_iterator.py", line 304, in _get_source_item
    raise ResourceExtractionError(pipe.name, gen, str(ex), "generator") from ex

The above exception was caused by the following exception:
requests.exceptions.ReadTimeout: HTTPSConnectionPool(host='api.openaq.org', port=443): Read timed out. (read timeout=30)

Stack Trace:
  File "/usr/local/lib/python3.12/site-packages/dlt/extract/pipe_iterator.py", line 274, in _get_source_item
    pipe_item = next(gen)
                ^^^^^^^^^
  File "/app/mydagster/pipelines/source.py", line 83, in measurements
    response = requests.get(
               ^^^^^^^^^^^^^
  File "/usr/local/lib/python3.12/site-packages/requests/api.py", line 87, in get
    return request("get", url, params=params, **kwargs)
           ^^^^^^^^^^^^^^^^^^^^^^^^^^^^^^^^^^^^^^^^^^^^
  File "/usr/local/lib/python3.12/site-packages/requests/api.py", line 71, in request
    return session.request(method=method, url=url, **kwargs)
           ^^^^^^^^^^^^^^^^^^^^^^^^^^^^^^^^^^^^^^^^^^^^^^^^^
  File "/usr/local/lib/python3.12/site-packages/requests/sessions.py", line 651, in request
    resp = self.send(prep, **send_kwargs)
           ^^^^^^^^^^^^^^^^^^^^^^^^^^^^^^
  File "/usr/local/lib/python3.12/site-packages/requests/sessions.py", line 784, in send
    r = adapter.send(request, **kwargs)
        ^^^^^^^^^^^^^^^^^^^^^^^^^^^^^^^
  File "/usr/local/lib/python3.12/site-packages/requests/adapters.py", line 742, in send
    raise ReadTimeout(e, request=request)

The above exception occurred during handling of the following exception:
urllib3.exceptions.ReadTimeoutError: HTTPSConnectionPool(host='api.openaq.org', port=443): Read timed out. (read timeout=30)

Stack Trace:
  File "/usr/local/lib/python3.12/site-packages/requests/adapters.py", line 696, in send
    resp = conn.urlopen(
           ^^^^^^^^^^^^^
  File "/usr/local/lib/python3.12/site-packages/urllib3/connectionpool.py", line 842, in urlopen
    retries = retries.increment(
              ^^^^^^^^^^^^^^^^^^
  File "/usr/local/lib/python3.12/site-packages/urllib3/util/retry.py", line 498, in increment
    raise reraise(type(error), error, _stacktrace)
          ^^^^^^^^^^^^^^^^^^^^^^^^^^^^^^^^^^^^^^^^
  File "/usr/local/lib/python3.12/site-packages/urllib3/util/util.py", line 39, in reraise
    raise value
  File "/usr/local/lib/python3.12/site-packages/urllib3/connectionpool.py", line 788, in urlopen
    response = self._make_request(
               ^^^^^^^^^^^^^^^^^^^
  File "/usr/local/lib/python3.12/site-packages/urllib3/connectionpool.py", line 536, in _make_request
    self._raise_timeout(err=e, url=url, timeout_value=read_timeout)
  File "/usr/local/lib/python3.12/site-packages/urllib3/connectionpool.py", line 367, in _raise_timeout
    raise ReadTimeoutError(

The above exception was caused by the following exception:
TimeoutError: The read operation timed out

Stack Trace:
  File "/usr/local/lib/python3.12/site-packages/urllib3/connectionpool.py", line 534, in _make_request
    response = conn.getresponse()
               ^^^^^^^^^^^^^^^^^^
  File "/usr/local/lib/python3.12/site-packages/urllib3/connection.py", line 571, in getresponse
    httplib_response = super().getresponse()
                       ^^^^^^^^^^^^^^^^^^^^^
  File "/usr/local/lib/python3.12/http/client.py", line 1450, in getresponse
    response.begin()
  File "/usr/local/lib/python3.12/http/client.py", line 336, in begin
    version, status, reason = self._read_status()
                              ^^^^^^^^^^^^^^^^^^^
  File "/usr/local/lib/python3.12/http/client.py", line 297, in _read_status
    line = str(self.fp.readline(_MAXLINE + 1), "iso-8859-1")
               ^^^^^^^^^^^^^^^^^^^^^^^^^^^^^^
  File "/usr/local/lib/python3.12/socket.py", line 720, in readinto
    return self._sock.recv_into(b)
           ^^^^^^^^^^^^^^^^^^^^^^^
  File "/usr/local/lib/python3.12/ssl.py", line 1251, in recv_into
    return self.read(nbytes, buffer)
           ^^^^^^^^^^^^^^^^^^^^^^^^^
  File "/usr/local/lib/python3.12/ssl.py", line 1103, in read
    return self._sslobj.read(len, buffer)
           ^^^^^^^^^^^^^^^^^^^^^^^^^^^^^^

